

================================================================
== Vitis HLS Report for 'parseSAOMergeFlag'
================================================================
* Date:           Sun May  7 10:30:18 2023

* Version:        2021.2 (Build 3367213 on Tue Oct 19 02:47:39 MDT 2021)
* Project:        cabac_top
* Solution:       solution1 (Vitis Kernel Flow Target)
* Product family: zynq
* Target device:  xc7z020-clg484-1


================================================================
== Performance Estimates
================================================================
+ Timing: 
    * Summary: 
    +--------+----------+----------+------------+
    |  Clock |  Target  | Estimated| Uncertainty|
    +--------+----------+----------+------------+
    |ap_clk  |  10.00 ns|  5.169 ns|     2.70 ns|
    +--------+----------+----------+------------+

+ Latency: 
    * Summary: 
    +---------+---------+-----------+-----------+-----+-----+---------+
    |  Latency (cycles) |   Latency (absolute)  |  Interval | Pipeline|
    |   min   |   max   |    min    |    max    | min | max |   Type  |
    +---------+---------+-----------+-----------+-----+-----+---------+
    |        2|        2|  20.000 ns|  20.000 ns|    2|    2|       no|
    +---------+---------+-----------+-----------+-----+-----+---------+

    + Detail: 
        * Instance: 
        N/A

        * Loop: 
        N/A



================================================================
== Utilization Estimates
================================================================
* Summary: 
+-----------------+---------+-----+--------+-------+-----+
|       Name      | BRAM_18K| DSP |   FF   |  LUT  | URAM|
+-----------------+---------+-----+--------+-------+-----+
|DSP              |        -|    -|       -|      -|    -|
|Expression       |        -|    -|       0|    279|    -|
|FIFO             |        -|    -|       -|      -|    -|
|Instance         |        -|    -|       -|      -|    -|
|Memory           |        -|    -|       -|      -|    -|
|Multiplexer      |        -|    -|       -|    101|    -|
|Register         |        -|    -|     166|      -|    -|
+-----------------+---------+-----+--------+-------+-----+
|Total            |        0|    0|     166|    380|    0|
+-----------------+---------+-----+--------+-------+-----+
|Available        |      280|  220|  106400|  53200|    0|
+-----------------+---------+-----+--------+-------+-----+
|Utilization (%)  |        0|    0|      ~0|     ~0|    0|
+-----------------+---------+-----+--------+-------+-----+

+ Detail: 
    * Instance: 
    N/A

    * DSP: 
    N/A

    * Memory: 
    N/A

    * FIFO: 
    N/A

    * Expression: 
    +-----------------------+----------+----+---+-----+------------+------------+
    |     Variable Name     | Operation| DSP| FF| LUT | Bitwidth P0| Bitwidth P1|
    +-----------------------+----------+----+---+-----+------------+------------+
    |add_ln14_fu_161_p2     |         +|   0|  0|   14|           9|           2|
    |add_ln16_fu_189_p2     |         +|   0|  0|   15|           8|           2|
    |add_ln6_fu_194_p2      |         +|   0|  0|   39|          32|           1|
    |sub_ln229_fu_250_p2    |         -|   0|  0|   39|          32|          32|
    |icmp_ln1076_fu_244_p2  |      icmp|   0|  0|   18|          32|          32|
    |icmp_ln13_fu_151_p2    |      icmp|   0|  0|   11|           8|           1|
    |retVal_11_fu_171_p2    |      lshr|   0|  0|  100|          32|          32|
    |or_ln1543_fu_228_p2    |        or|   0|  0|    9|           9|           9|
    |ret_6_fu_256_p3        |    select|   0|  0|   32|           1|          32|
    |xor_ln44_fu_264_p2     |       xor|   0|  0|    2|           1|           2|
    +-----------------------+----------+----+---+-----+------------+------------+
    |Total                  |          |   0|  0|  279|         164|         145|
    +-----------------------+----------+----+---+-----+------------+------------+

    * Multiplexer: 
    +----------------------------------------------+----+-----------+-----+-----------+
    |                     Name                     | LUT| Input Size| Bits| Total Bits|
    +----------------------------------------------+----+-----------+-----+-----------+
    |ap_NS_fsm                                     |  20|          4|    1|          4|
    |ap_return_0                                   |   9|          2|   32|         64|
    |ap_return_1                                   |   9|          2|    1|          2|
    |ap_return_2                                   |   9|          2|   32|         64|
    |ap_return_3                                   |   9|          2|    8|         16|
    |ap_return_4                                   |   9|          2|    8|         16|
    |phi_ln49_reg_108                              |   9|          2|    8|         16|
    |state_2_0_0_reg_117                           |   9|          2|   32|         64|
    |state_bstate_n_bits_held_write_assign_reg_97  |   9|          2|    8|         16|
    |val_reg_126                                   |   9|          2|    1|          2|
    +----------------------------------------------+----+-----------+-----+-----------+
    |Total                                         | 101|         22|  131|        264|
    +----------------------------------------------+----+-----------+-----+-----------+

    * Register: 
    +----------------------------------------------+----+----+-----+-----------+
    |                     Name                     | FF | LUT| Bits| Const Bits|
    +----------------------------------------------+----+----+-----+-----------+
    |ap_CS_fsm                                     |   3|   0|    3|          0|
    |ap_return_0_preg                              |  32|   0|   32|          0|
    |ap_return_1_preg                              |   1|   0|   32|         31|
    |ap_return_2_preg                              |  32|   0|   32|          0|
    |ap_return_3_preg                              |   8|   0|    8|          0|
    |ap_return_4_preg                              |   8|   0|    8|          0|
    |icmp_ln13_reg_330                             |   1|   0|    1|          0|
    |phi_ln49_reg_108                              |   8|   0|    8|          0|
    |retVal_12_reg_334                             |   1|   0|    1|          0|
    |shl_ln_reg_325                                |   8|   0|    9|          1|
    |state_2_0_0_reg_117                           |  32|   0|   32|          0|
    |state_bstate_n_bits_held_write_assign_reg_97  |   8|   0|    8|          0|
    |tmp_s_reg_369                                 |  23|   0|   23|          0|
    |val_reg_126                                   |   1|   0|    9|          8|
    +----------------------------------------------+----+----+-----+-----------+
    |Total                                         | 166|   0|  206|         40|
    +----------------------------------------------+----+----+-----+-----------+



================================================================
== Interface
================================================================
* Summary: 
+----------------------+-----+-----+------------+----------------------+--------------+
|       RTL Ports      | Dir | Bits|  Protocol  |     Source Object    |    C Type    |
+----------------------+-----+-----+------------+----------------------+--------------+
|ap_clk                |   in|    1|  ap_ctrl_hs|     parseSAOMergeFlag|  return value|
|ap_rst                |   in|    1|  ap_ctrl_hs|     parseSAOMergeFlag|  return value|
|ap_start              |   in|    1|  ap_ctrl_hs|     parseSAOMergeFlag|  return value|
|ap_done               |  out|    1|  ap_ctrl_hs|     parseSAOMergeFlag|  return value|
|ap_idle               |  out|    1|  ap_ctrl_hs|     parseSAOMergeFlag|  return value|
|ap_ready              |  out|    1|  ap_ctrl_hs|     parseSAOMergeFlag|  return value|
|ap_return_0           |  out|   32|  ap_ctrl_hs|     parseSAOMergeFlag|  return value|
|ap_return_1           |  out|   32|  ap_ctrl_hs|     parseSAOMergeFlag|  return value|
|ap_return_2           |  out|   32|  ap_ctrl_hs|     parseSAOMergeFlag|  return value|
|ap_return_3           |  out|    8|  ap_ctrl_hs|     parseSAOMergeFlag|  return value|
|ap_return_4           |  out|    8|  ap_ctrl_hs|     parseSAOMergeFlag|  return value|
|state_1_read          |   in|   31|     ap_none|          state_1_read|        scalar|
|p_read1               |   in|   32|     ap_none|               p_read1|        scalar|
|state_2_1_read        |   in|    8|     ap_none|        state_2_1_read|        scalar|
|p_read3               |   in|    8|     ap_none|               p_read3|        scalar|
|state_2_2_read        |   in|    8|     ap_none|        state_2_2_read|        scalar|
|bStream_address0      |  out|    3|   ap_memory|               bStream|         array|
|bStream_ce0           |  out|    1|   ap_memory|               bStream|         array|
|bStream_q0            |   in|    8|   ap_memory|               bStream|         array|
|baeState_0_constprop  |   in|   32|     ap_none|  baeState_0_constprop|       pointer|
+----------------------+-----+-----+------------+----------------------+--------------+

