

================================================================
== Vitis HLS Report for 'sao_top_Pipeline_VITIS_LOOP_201_5'
================================================================
* Date:           Sun May  7 10:30:20 2023

* Version:        2021.2 (Build 3367213 on Tue Oct 19 02:47:39 MDT 2021)
* Project:        cabac_top
* Solution:       solution1 (Vitis Kernel Flow Target)
* Product family: zynq
* Target device:  xc7z020-clg484-1


================================================================
== Performance Estimates
================================================================
+ Timing: 
    * Summary: 
    +--------+----------+----------+------------+
    |  Clock |  Target  | Estimated| Uncertainty|
    +--------+----------+----------+------------+
    |ap_clk  |  10.00 ns|  5.792 ns|     2.70 ns|
    +--------+----------+----------+------------+

+ Latency: 
    * Summary: 
    +---------+---------+----------+----------+-----+-----+---------+
    |  Latency (cycles) |  Latency (absolute) |  Interval | Pipeline|
    |   min   |   max   |    min   |    max   | min | max |   Type  |
    +---------+---------+----------+----------+-----+-----+---------+
    |       11|       11|  0.110 us|  0.110 us|   11|   11|       no|
    +---------+---------+----------+----------+-----+-----+---------+

    + Detail: 
        * Instance: 
        N/A

        * Loop: 
        +--------------------+---------+---------+----------+-----------+-----------+------+----------+
        |                    |  Latency (cycles) | Iteration|  Initiation Interval  | Trip |          |
        |      Loop Name     |   min   |   max   |  Latency |  achieved |   target  | Count| Pipelined|
        +--------------------+---------+---------+----------+-----------+-----------+------+----------+
        |- VITIS_LOOP_201_5  |        9|        9|         3|          3|          1|     3|       yes|
        +--------------------+---------+---------+----------+-----------+-----------+------+----------+



================================================================
== Utilization Estimates
================================================================
* Summary: 
+-----------------+---------+-----+--------+-------+-----+
|       Name      | BRAM_18K| DSP |   FF   |  LUT  | URAM|
+-----------------+---------+-----+--------+-------+-----+
|DSP              |        -|    -|       -|      -|    -|
|Expression       |        -|    -|       0|     83|    -|
|FIFO             |        -|    -|       -|      -|    -|
|Instance         |        -|    -|       0|    112|    -|
|Memory           |        -|    -|       -|      -|    -|
|Multiplexer      |        -|    -|       -|    115|    -|
|Register         |        -|    -|     158|      -|    -|
+-----------------+---------+-----+--------+-------+-----+
|Total            |        0|    0|     158|    310|    0|
+-----------------+---------+-----+--------+-------+-----+
|Available        |      280|  220|  106400|  53200|    0|
+-----------------+---------+-----+--------+-------+-----+
|Utilization (%)  |        0|    0|      ~0|     ~0|    0|
+-----------------+---------+-----+--------+-------+-----+

+ Detail: 
    * Instance: 
    +--------------------+---------------+---------+----+---+----+-----+
    |      Instance      |     Module    | BRAM_18K| DSP| FF| LUT| URAM|
    +--------------------+---------------+---------+----+---+----+-----+
    |mux_32_16_1_1_U112  |mux_32_16_1_1  |        0|   0|  0|  14|    0|
    |mux_32_16_1_1_U113  |mux_32_16_1_1  |        0|   0|  0|  14|    0|
    |mux_32_16_1_1_U114  |mux_32_16_1_1  |        0|   0|  0|  14|    0|
    |mux_32_16_1_1_U115  |mux_32_16_1_1  |        0|   0|  0|  14|    0|
    |mux_32_16_1_1_U116  |mux_32_16_1_1  |        0|   0|  0|  14|    0|
    |mux_32_8_1_1_U110   |mux_32_8_1_1   |        0|   0|  0|  14|    0|
    |mux_32_8_1_1_U111   |mux_32_8_1_1   |        0|   0|  0|  14|    0|
    |mux_32_8_1_1_U117   |mux_32_8_1_1   |        0|   0|  0|  14|    0|
    +--------------------+---------------+---------+----+---+----+-----+
    |Total               |               |        0|   0|  0| 112|    0|
    +--------------------+---------------+---------+----+---+----+-----+

    * DSP: 
    N/A

    * Memory: 
    N/A

    * FIFO: 
    N/A

    * Expression: 
    +----------------------+----------+----+---+----+------------+------------+
    |     Variable Name    | Operation| DSP| FF| LUT| Bitwidth P0| Bitwidth P1|
    +----------------------+----------+----+---+----+------------+------------+
    |add_ln201_fu_424_p2   |         +|   0|  0|  10|           2|           1|
    |add_ln204_fu_442_p2   |         +|   0|  0|  13|           4|           4|
    |add_ln205_fu_453_p2   |         +|   0|  0|  13|           4|           1|
    |add_ln206_fu_562_p2   |         +|   0|  0|  13|           4|           2|
    |add_ln207_fu_572_p2   |         +|   0|  0|  13|           4|           2|
    |add_ln208_fu_582_p2   |         +|   0|  0|  13|           4|           3|
    |icmp_ln201_fu_418_p2  |      icmp|   0|  0|   8|           2|           2|
    +----------------------+----------+----+---+----+------------+------------+
    |Total                 |          |   0|  0|  83|          24|          15|
    +----------------------+----------+----+---+----+------------+------------+

    * Multiplexer: 
    +---------------------------+----+-----------+-----+-----------+
    |            Name           | LUT| Input Size| Bits| Total Bits|
    +---------------------------+----+-----------+-----+-----------+
    |ap_NS_fsm                  |  20|          4|    1|          4|
    |ap_done_int                |   9|          2|    1|          2|
    |ap_sig_allocacmp_i_2       |   9|          2|    2|          4|
    |i_fu_114                   |   9|          2|    2|          4|
    |out_SaoOffsetVal_address0  |  20|          4|    4|         16|
    |out_SaoOffsetVal_address1  |  14|          3|    4|         12|
    |out_SaoOffsetVal_d0        |  20|          4|   16|         64|
    |out_SaoOffsetVal_d1        |  14|          3|   16|         48|
    +---------------------------+----+-----------+-----+-----------+
    |Total                      | 115|         24|   46|        154|
    +---------------------------+----+-----------+-----+-----------+

    * Register: 
    +----------------------------------+----+----+-----+-----------+
    |               Name               | FF | LUT| Bits| Const Bits|
    +----------------------------------+----+----+-----+-----------+
    |add_ln201_reg_736                 |   2|   0|    2|          0|
    |add_ln204_reg_741                 |   4|   0|    4|          0|
    |ap_CS_fsm                         |   3|   0|    3|          0|
    |ap_done_reg                       |   1|   0|    1|          0|
    |i_2_reg_729                       |   2|   0|    2|          0|
    |i_fu_114                          |   2|   0|    2|          0|
    |out_SaoEOClass35_3_fu_138         |   8|   0|    8|          0|
    |out_SaoEOClass36_3_fu_134         |   8|   0|    8|          0|
    |out_SaoEOClass_3_fu_126           |   8|   0|    8|          0|
    |out_SaoTypeIdx33_3_fu_146         |   8|   0|    8|          0|
    |out_SaoTypeIdx34_3_fu_142         |   8|   0|    8|          0|
    |out_SaoTypeIdx_3_fu_150           |   8|   0|    8|          0|
    |out_sao_band_position37_3_fu_122  |   8|   0|    8|          0|
    |out_sao_band_position38_3_fu_118  |   8|   0|    8|          0|
    |out_sao_band_position_3_fu_130    |   8|   0|    8|          0|
    |tmp_1_reg_755                     |   8|   0|    8|          0|
    |tmp_6_reg_762                     |  16|   0|   16|          0|
    |tmp_7_reg_767                     |  16|   0|   16|          0|
    |tmp_8_reg_772                     |  16|   0|   16|          0|
    |tmp_9_reg_777                     |   8|   0|    8|          0|
    |tmp_reg_748                       |   8|   0|    8|          0|
    +----------------------------------+----+----+-----+-----------+
    |Total                             | 158|   0|  158|          0|
    +----------------------------------+----+----+-----+-----------+



================================================================
== Interface
================================================================
* Summary: 
+--------------------------------------+-----+-----+------------+-----------------------------------+--------------+
|               RTL Ports              | Dir | Bits|  Protocol  |           Source Object           |    C Type    |
+--------------------------------------+-----+-----+------------+-----------------------------------+--------------+
|ap_clk                                |   in|    1|  ap_ctrl_hs|  sao_top_Pipeline_VITIS_LOOP_201_5|  return value|
|ap_rst                                |   in|    1|  ap_ctrl_hs|  sao_top_Pipeline_VITIS_LOOP_201_5|  return value|
|ap_start                              |   in|    1|  ap_ctrl_hs|  sao_top_Pipeline_VITIS_LOOP_201_5|  return value|
|ap_done                               |  out|    1|  ap_ctrl_hs|  sao_top_Pipeline_VITIS_LOOP_201_5|  return value|
|ap_idle                               |  out|    1|  ap_ctrl_hs|  sao_top_Pipeline_VITIS_LOOP_201_5|  return value|
|ap_ready                              |  out|    1|  ap_ctrl_hs|  sao_top_Pipeline_VITIS_LOOP_201_5|  return value|
|p_read5                               |   in|   16|     ap_none|                            p_read5|        scalar|
|p_read6                               |   in|   16|     ap_none|                            p_read6|        scalar|
|p_read7                               |   in|   16|     ap_none|                            p_read7|        scalar|
|p_read8                               |   in|   16|     ap_none|                            p_read8|        scalar|
|p_read9                               |   in|   16|     ap_none|                            p_read9|        scalar|
|p_read10                              |   in|   16|     ap_none|                           p_read10|        scalar|
|p_read11                              |   in|   16|     ap_none|                           p_read11|        scalar|
|p_read12                              |   in|   16|     ap_none|                           p_read12|        scalar|
|p_read13                              |   in|   16|     ap_none|                           p_read13|        scalar|
|p_read14                              |   in|   16|     ap_none|                           p_read14|        scalar|
|p_read15                              |   in|   16|     ap_none|                           p_read15|        scalar|
|p_read16                              |   in|   16|     ap_none|                           p_read16|        scalar|
|p_read17                              |   in|   16|     ap_none|                           p_read17|        scalar|
|p_read18                              |   in|   16|     ap_none|                           p_read18|        scalar|
|p_read19                              |   in|   16|     ap_none|                           p_read19|        scalar|
|p_read23                              |   in|    8|     ap_none|                           p_read23|        scalar|
|p_read24                              |   in|    8|     ap_none|                           p_read24|        scalar|
|p_read25                              |   in|    8|     ap_none|                           p_read25|        scalar|
|p_read20                              |   in|    8|     ap_none|                           p_read20|        scalar|
|p_read21                              |   in|    8|     ap_none|                           p_read21|        scalar|
|p_read22                              |   in|    8|     ap_none|                           p_read22|        scalar|
|out_SaoOffsetVal_address0             |  out|    4|   ap_memory|                   out_SaoOffsetVal|         array|
|out_SaoOffsetVal_ce0                  |  out|    1|   ap_memory|                   out_SaoOffsetVal|         array|
|out_SaoOffsetVal_we0                  |  out|    1|   ap_memory|                   out_SaoOffsetVal|         array|
|out_SaoOffsetVal_d0                   |  out|   16|   ap_memory|                   out_SaoOffsetVal|         array|
|out_SaoOffsetVal_address1             |  out|    4|   ap_memory|                   out_SaoOffsetVal|         array|
|out_SaoOffsetVal_ce1                  |  out|    1|   ap_memory|                   out_SaoOffsetVal|         array|
|out_SaoOffsetVal_we1                  |  out|    1|   ap_memory|                   out_SaoOffsetVal|         array|
|out_SaoOffsetVal_d1                   |  out|   16|   ap_memory|                   out_SaoOffsetVal|         array|
|p_read2                               |   in|    8|     ap_none|                            p_read2|        scalar|
|p_read3                               |   in|    8|     ap_none|                            p_read3|        scalar|
|p_read4                               |   in|    8|     ap_none|                            p_read4|        scalar|
|out_SaoTypeIdx_3_out                  |  out|    8|      ap_vld|               out_SaoTypeIdx_3_out|       pointer|
|out_SaoTypeIdx_3_out_ap_vld           |  out|    1|      ap_vld|               out_SaoTypeIdx_3_out|       pointer|
|out_SaoTypeIdx33_3_out                |  out|    8|      ap_vld|             out_SaoTypeIdx33_3_out|       pointer|
|out_SaoTypeIdx33_3_out_ap_vld         |  out|    1|      ap_vld|             out_SaoTypeIdx33_3_out|       pointer|
|out_SaoTypeIdx34_3_out                |  out|    8|      ap_vld|             out_SaoTypeIdx34_3_out|       pointer|
|out_SaoTypeIdx34_3_out_ap_vld         |  out|    1|      ap_vld|             out_SaoTypeIdx34_3_out|       pointer|
|out_SaoEOClass35_3_out                |  out|    8|      ap_vld|             out_SaoEOClass35_3_out|       pointer|
|out_SaoEOClass35_3_out_ap_vld         |  out|    1|      ap_vld|             out_SaoEOClass35_3_out|       pointer|
|out_SaoEOClass36_3_out                |  out|    8|      ap_vld|             out_SaoEOClass36_3_out|       pointer|
|out_SaoEOClass36_3_out_ap_vld         |  out|    1|      ap_vld|             out_SaoEOClass36_3_out|       pointer|
|out_sao_band_position_3_out           |  out|    8|      ap_vld|        out_sao_band_position_3_out|       pointer|
|out_sao_band_position_3_out_ap_vld    |  out|    1|      ap_vld|        out_sao_band_position_3_out|       pointer|
|out_SaoEOClass_3_out                  |  out|    8|      ap_vld|               out_SaoEOClass_3_out|       pointer|
|out_SaoEOClass_3_out_ap_vld           |  out|    1|      ap_vld|               out_SaoEOClass_3_out|       pointer|
|out_sao_band_position37_3_out         |  out|    8|      ap_vld|      out_sao_band_position37_3_out|       pointer|
|out_sao_band_position37_3_out_ap_vld  |  out|    1|      ap_vld|      out_sao_band_position37_3_out|       pointer|
|out_sao_band_position38_3_out         |  out|    8|      ap_vld|      out_sao_band_position38_3_out|       pointer|
|out_sao_band_position38_3_out_ap_vld  |  out|    1|      ap_vld|      out_sao_band_position38_3_out|       pointer|
+--------------------------------------+-----+-----+------------+-----------------------------------+--------------+

